ili9341.c:40:6:lcdInit	16	static
ili9341.c:199:6:lcdTest	24	static
ili9341.c:221:6:lcdFillRGB	24	static
ili9341.c:240:6:lcdDrawPixel	16	static
ili9341.c:250:6:lcdDrawHLine	32	static
ili9341.c:279:6:lcdDrawVLine	32	static
ili9341.c:320:6:lcdDrawLine	48	static
ili9341.c:383:6:lcdDrawRect	24	static
ili9341.c:403:6:lcdDrawRoundRect	32	static
ili9341.c:429:6:lcdDrawCircleHelper	40	static
ili9341.c:481:6:lcdDrawCircle	40	static
ili9341.c:529:6:lcdDrawTriangle	32	static
ili9341.c:546:6:lcdFillCircle	32	static
ili9341.c:564:6:lcdFillCircleHelper	40	static
ili9341.c:608:6:lcdFillRect	32	static
ili9341.c:633:6:lcdFillRoundRect	32	static
ili9341.c:656:6:lcdFillTriangle	72	static
ili9341.c:739:6:lcdDrawImage	24	static
ili9341.c:751:6:lcdHome	8	static
ili9341.c:770:6:lcdDrawChar	32	static
ili9341.c:817:6:lcdPrintf	32	static
ili9341.c:869:6:lcdSetTextFont	16	static
ili9341.c:882:6:lcdSetTextColor	16	static
ili9341.c:895:6:lcdSetTextWrap	16	static
ili9341.c:900:6:lcdSetOrientation	16	static
ili9341.c:935:6:lcdSetCursor	16	static
ili9341.c:952:6:lcdSetWindow	24	static
ili9341.c:967:6:lcdBacklightOff	8	static
ili9341.c:972:6:lcdBacklightOn	8	static
ili9341.c:977:6:lcdInversionOff	8	static
ili9341.c:982:6:lcdInversionOn	8	static
ili9341.c:987:6:lcdDisplayOff	8	static
ili9341.c:993:6:lcdDisplayOn	8	static
ili9341.c:999:6:lcdTearingOff	8	static
ili9341.c:1004:6:lcdTearingOn	16	static
ili9341.c:1010:10:lcdGetWidth	4	static
ili9341.c:1015:10:lcdGetHeight	4	static
ili9341.c:1020:10:lcdGetControllerID	16	static
ili9341.c:1031:23:lcdGetOrientation	4	static
ili9341.c:1036:8:lcdGetTextFont	4	static
ili9341.c:1041:22:lcdGetProperties	16	static
ili9341.c:1054:10:lcdReadPixel	24	static
ili9341.c:1078:10:lcdColor565	16	static
ili9341.c:1085:13:lcdDrawPixels	32	static
ili9341.c:1098:13:lcdReset	8	static
ili9341.c:1105:13:lcdWriteCommand	16	static
ili9341.c:1111:13:lcdWriteData	16	static
ili9341.c:1116:23:lcdReadData	4	static
ili9341.c:1121:22:lcdBuildMemoryAccessControlConfig	24	static
