ili9341.c:40:6:lcdInit	32	static
ili9341.c:869:6:lcdSetTextFont	0	static
ili9341.c:882:6:lcdSetTextColor	0	static
ili9341.c:895:6:lcdSetTextWrap	0	static
ili9341.c:952:6:lcdSetWindow	16	static
ili9341.c:199:6:lcdTest	64	static
ili9341.c:221:6:lcdFillRGB	16	static
ili9341.c:240:6:lcdDrawPixel	16	static
ili9341.c:320:6:lcdDrawLine	56	static
ili9341.c:529:6:lcdDrawTriangle	40	static
ili9341.c:429:6:lcdDrawCircleHelper	56	static
ili9341.c:481:6:lcdDrawCircle	56	static
ili9341.c:770:6:lcdDrawChar	64	static
ili9341.c:817:6:lcdPrintf	48	static
ili9341.c:250:6:lcdDrawHLine	16	static
ili9341.c:608:6:lcdFillRect	32	static
ili9341.c:656:6:lcdFillTriangle	80	static
ili9341.c:279:6:lcdDrawVLine	16	static
ili9341.c:383:6:lcdDrawRect	32	static
ili9341.c:403:6:lcdDrawRoundRect	56	static
ili9341.c:564:6:lcdFillCircleHelper	64	static
ili9341.c:633:6:lcdFillRoundRect	56	static
ili9341.c:546:6:lcdFillCircle	32	static
ili9341.c:739:6:lcdDrawImage	48	static
ili9341.c:751:6:lcdHome	0	static
ili9341.c:900:6:lcdSetOrientation	0	static
ili9341.c:935:6:lcdSetCursor	4	static
ili9341.c:967:6:lcdBacklightOff	0	static
ili9341.c:972:6:lcdBacklightOn	0	static
ili9341.c:977:6:lcdInversionOff	0	static
ili9341.c:982:6:lcdInversionOn	0	static
ili9341.c:987:6:lcdDisplayOff	0	static
ili9341.c:993:6:lcdDisplayOn	0	static
ili9341.c:999:6:lcdTearingOff	0	static
ili9341.c:1004:6:lcdTearingOn	0	static
ili9341.c:1010:10:lcdGetWidth	0	static
ili9341.c:1015:10:lcdGetHeight	0	static
ili9341.c:1020:10:lcdGetControllerID	0	static
ili9341.c:1031:23:lcdGetOrientation	0	static
ili9341.c:1036:8:lcdGetTextFont	0	static
ili9341.c:1041:22:lcdGetProperties	0	static
ili9341.c:1078:10:lcdColor565	0	static
ili9341.c:1054:10:lcdReadPixel	4	static
