MA_ILI9341.c:20:6:ILI9341_SendCommand	0	static
MA_ILI9341.c:26:6:ILI9341_SendData	0	static
MA_ILI9341.c:31:6:ILI9341_SetCursorPosition	16	static
MA_ILI9341.c:47:6:ILI9341_Init	16	static
MA_ILI9341.c:118:6:ILI9341_DrawPixel	8	static
MA_ILI9341.c:124:6:ILI9341_Fill	8	static
MA_ILI9341.c:143:6:ILI9341_Fill_Rect	16	static
MA_ILI9341.c:155:6:ILI9341_drawCircle	56	static
MA_ILI9341.c:258:6:ILI9341_drawLine	56	static
MA_ILI9341.c:298:6:ILI9341_drawFastHLine	16	static
MA_ILI9341.c:303:6:ILI9341_drawFastVLine	16	static
MA_ILI9341.c:251:6:ILI9341_fillCircle	64	static
MA_ILI9341.c:308:6:ILI9341_drawTriangle	40	static
MA_ILI9341.c:314:6:ILI9341_fillTriangle	80	static
MA_ILI9341.c:384:6:ILI9341_drawChar	72	static
MA_ILI9341.c:418:6:ILI9341_printText	48	static
MA_ILI9341.c:429:6:ILI9341_printImage	8	static
MA_ILI9341.c:440:6:ILI9341_setRotation	0	static
