MFRC522.c:25:9:Read_RFID	24	static
MFRC522.c:41:6:Write_RFID	16	static
MFRC522.c:54:6:SetAntennaGain	8	static
MFRC522.c:135:6:Reset_RFID	16	static
MFRC522.c:169:6:SetRegisterBit_RFID	16	static
MFRC522.c:156:6:AntennaOn_RFID	8	static
MFRC522.c:60:6:Init_RFID	24	static
MFRC522.c:175:6:ClearRegisterBit_RFID	16	static
MFRC522.c:164:6:AntennaOff_RFID	0	static
MFRC522.c:183:6:CalulateCRC	16	static
MFRC522.c:217:6:StopCrypto1_RFID	0	static
MFRC522.c:271:12:Comunicate_PCDPICC	32	static
MFRC522.c:203:12:HLTA_RFID	40	static
MFRC522.c:222:12:Read_CardData	40	static
MFRC522.c:242:12:Write_CardData	48	static
MFRC522.c:350:6:Check_ATQID	24	static
MFRC522.c:395:6:Check_ATQA	8	static
MFRC522.c:583:12:Authenticate_PICC	48	static
MFRC522.c:954:12:Error_write	8	static
MFRC522.c:502:6:REQ_ID	88	static
MFRC522.c:460:6:REQA_t	48	static
MFRC522.c:611:6:Active	48	static
MFRC522.c:674:6:RATS_I4	112	static
MFRC522.c:752:6:PPS_I4	96	static
MFRC522.c:800:6:Deslelect_I4	88	static
MFRC522.c:827:6:IBLOCK_I4	128	static
MFRC522.c:906:6:PICC_Sequence	8	static
