stm32f4xx_hal_msp.c:64:6:HAL_MspInit	8	static
stm32f4xx_hal_msp.c:86:6:HAL_ADC_MspInit	56	static
stm32f4xx_hal_msp.c:170:6:HAL_ADC_MspDeInit	0	static
stm32f4xx_hal_msp.c:259:6:HAL_I2C_MspInit	56	static
stm32f4xx_hal_msp.c:319:6:HAL_I2C_MspDeInit	8	static
stm32f4xx_hal_msp.c:370:6:HAL_SPI_MspInit	72	static
stm32f4xx_hal_msp.c:451:6:HAL_SPI_MspDeInit	8	static
stm32f4xx_hal_msp.c:506:6:HAL_TIM_Base_MspInit	24	static
stm32f4xx_hal_msp.c:559:6:HAL_TIM_Base_MspDeInit	0	static
stm32f4xx_hal_msp.c:666:6:HAL_SRAM_MspInit	48	static
stm32f4xx_hal_msp.c:724:6:HAL_SRAM_MspDeInit	8	static
