stm32f4xx_it.c:76:6:NMI_Handler	0	static
stm32f4xx_it.c:91:6:HardFault_Handler	0	static
stm32f4xx_it.c:106:6:MemManage_Handler	0	static
stm32f4xx_it.c:121:6:BusFault_Handler	0	static
stm32f4xx_it.c:136:6:UsageFault_Handler	0	static
stm32f4xx_it.c:151:6:SVC_Handler	0	static
stm32f4xx_it.c:164:6:DebugMon_Handler	0	static
stm32f4xx_it.c:177:6:PendSV_Handler	0	static
stm32f4xx_it.c:190:6:SysTick_Handler	0	static
stm32f4xx_it.c:211:6:EXTI0_IRQHandler	0	static
stm32f4xx_it.c:225:6:ADC_IRQHandler	8	static
stm32f4xx_it.c:241:6:EXTI9_5_IRQHandler	0	static
stm32f4xx_it.c:255:6:TIM2_IRQHandler	0	static
stm32f4xx_it.c:269:6:SPI1_IRQHandler	0	static
stm32f4xx_it.c:283:6:TIM8_TRG_COM_TIM14_IRQHandler	0	static
stm32f4xx_it.c:297:6:TIM6_DAC_IRQHandler	0	static
