main.c:297:1:__io_putchar	16	static
main.c:312:5:main	40	static
main.c:951:6:SystemClock_Config	88	static
main.c:995:13:MX_ADC1_Init	24	static
main.c:1045:13:MX_ADC2_Init	24	static
main.c:1095:13:MX_ADC3_Init	24	static
main.c:1145:13:MX_I2C1_Init	8	static
main.c:1191:13:MX_I2C2_Init	8	static
main.c:1237:13:MX_SPI1_Init	8	static
main.c:1275:13:MX_SPI2_Init	8	static
main.c:1313:13:MX_TIM2_Init	32	static
main.c:1358:13:MX_TIM3_Init	32	static
main.c:1403:13:MX_TIM6_Init	16	static
main.c:1441:13:MX_TIM7_Init	16	static
main.c:1479:13:MX_TIM9_Init	24	static
main.c:1517:13:MX_TIM10_Init	8	static
main.c:1548:13:MX_TIM11_Init	8	static
main.c:1579:13:MX_TIM14_Init	8	static
main.c:1610:13:MX_UART5_Init	8	static
main.c:1639:13:MX_FMC_Init	40	static
main.c:1697:13:MX_GPIO_Init	64	static
main.c:1851:6:HAL_GPIO_EXTI_Callback	16	static
main.c:1869:6:HAL_TIM_PeriodElapsedCallback	16	static
main.c:1968:6:main_loop_control	16	static
main.c:2108:6:Memory_read	48	static
main.c:2118:6:Memory_Reset	8	static
main.c:2123:6:Memory_write	16	static
main.c:2135:5:dht11_read	40	static
main.c:2202:6:dht11_print	8	static
main.c:2215:5:wait_pulse	16	static
main.c:2225:6:delay_us	16	static
main.c:2233:6:rfid_loop_init_set	16	static
main.c:2290:6:rfid_loop_setup_card	16	static
main.c:2375:6:check_rfid_UID	32	static
main.c:2455:6:BEEP	24	static
main.c:2474:6:Ultra_Distance_Data	16	static
main.c:2539:6:Ultra_Distance_Data_Print	40	static
main.c:2549:6:Error_Handler	4	static,ignoring_inline_asm
