stm32f4xx_it.c:80:6:NMI_Handler	4	static
stm32f4xx_it.c:95:6:HardFault_Handler	4	static
stm32f4xx_it.c:110:6:MemManage_Handler	4	static
stm32f4xx_it.c:125:6:BusFault_Handler	4	static
stm32f4xx_it.c:140:6:UsageFault_Handler	4	static
stm32f4xx_it.c:155:6:SVC_Handler	4	static
stm32f4xx_it.c:168:6:DebugMon_Handler	4	static
stm32f4xx_it.c:181:6:PendSV_Handler	4	static
stm32f4xx_it.c:194:6:SysTick_Handler	8	static
stm32f4xx_it.c:215:6:EXTI0_IRQHandler	8	static
stm32f4xx_it.c:229:6:ADC_IRQHandler	8	static
stm32f4xx_it.c:245:6:EXTI9_5_IRQHandler	8	static
stm32f4xx_it.c:259:6:TIM1_BRK_TIM9_IRQHandler	8	static
stm32f4xx_it.c:273:6:TIM1_UP_TIM10_IRQHandler	8	static
stm32f4xx_it.c:287:6:TIM1_TRG_COM_TIM11_IRQHandler	8	static
stm32f4xx_it.c:301:6:TIM2_IRQHandler	8	static
stm32f4xx_it.c:315:6:SPI1_IRQHandler	8	static
stm32f4xx_it.c:329:6:TIM8_TRG_COM_TIM14_IRQHandler	8	static
stm32f4xx_it.c:343:6:TIM6_DAC_IRQHandler	8	static
stm32f4xx_it.c:357:6:TIM7_IRQHandler	8	static
