stm32f4xx_hal_msp.c:64:6:HAL_MspInit	16	static
stm32f4xx_hal_msp.c:86:6:HAL_ADC_MspInit	64	static
stm32f4xx_hal_msp.c:170:6:HAL_ADC_MspDeInit	16	static
stm32f4xx_hal_msp.c:259:6:HAL_I2C_MspInit	56	static
stm32f4xx_hal_msp.c:319:6:HAL_I2C_MspDeInit	16	static
stm32f4xx_hal_msp.c:370:6:HAL_SPI_MspInit	64	static
stm32f4xx_hal_msp.c:451:6:HAL_SPI_MspDeInit	16	static
stm32f4xx_hal_msp.c:506:6:HAL_TIM_Base_MspInit	48	static
stm32f4xx_hal_msp.c:626:6:HAL_TIM_Base_MspDeInit	16	static
stm32f4xx_hal_msp.c:746:6:HAL_UART_MspInit	48	static
stm32f4xx_hal_msp.c:790:6:HAL_UART_MspDeInit	16	static
stm32f4xx_hal_msp.c:817:13:HAL_FMC_MspInit	32	static
stm32f4xx_hal_msp.c:875:6:HAL_SRAM_MspInit	16	static
stm32f4xx_hal_msp.c:887:13:HAL_FMC_MspDeInit	8	static
stm32f4xx_hal_msp.c:933:6:HAL_SRAM_MspDeInit	16	static
